HELLO TEst
